// Vitest Snapshot v1, https://vitest.dev/guide/snapshot.html

exports[`ModaleProjetActe - Tests du composant > DOIT rendre le composant correctement avec un PDF valide 1`] = `
<div
  id="conteneur-modale-rece"
>
  <div
    class="fixed left-0 top-0 z-[1000] flex h-screen w-screen animate-apparition items-center justify-center bg-black/40"
  >
    <div
      class="m-4 flex"
    >
      <div
        class="flex h-[90vh] w-[90vw] animate-apparition flex-col overflow-hidden rounded-lg bg-blanc shadow-2xl"
      >
        <div
          class="flex items-center justify-end border-b border-gris bg-bleu p-2"
        >
          <button
            aria-label="Fermer"
            class="m-0 min-w-0 rounded-md border border-solid px-4 py-2 uppercase transition-colors border-rouge bg-blanc text-rouge hover:border-rouge hover:bg-rouge hover:text-blanc focus:border-rouge focus:bg-rouge focus:text-blanc focus:outline-none focus-visible:ring-2 focus-visible:ring-rouge focus-visible:ring-offset-2 disabled:border-gris-sombre disabled:bg-gris-sombre disabled:text-blanc"
            type="button"
          >
            X
          </button>
        </div>
        <div
          class="flex flex-grow overflow-hidden"
        >
          <div
            class="h-full w-3/5 animate-entree-gauche overflow-hidden p-6"
          >
            <div
              class="flex h-[calc(100%-2rem)] w-full rounded-lg border border-gray-100 shadow-md"
            >
              <div
                class="flex-grow overflow-hidden"
              >
                <iframe
                  class="h-full w-full overflow-auto border-0"
                  src="url_test#zoom=90"
                  title="Document PDF"
                />
              </div>
            </div>
          </div>
          <div
            class="h-full w-2/5 p-6"
          >
            <div
              class="m-auto flex h-full max-w-md items-center justify-center rounded-lg p-6 text-center"
            >
              <div
                class="text-center"
              >
                <div>
                  <form
                    action="#"
                  >
                    <div
                      class="flex w-full flex-col text-start"
                    >
                      <label
                        aria-label="aria-label-pin"
                        class="m-0 mb-1 ml-1 block w-fit text-start transition-colors text-bleu-sombre"
                        for="pin"
                      >
                        Code pin
                      </label>
                      <div
                        class="relative flex rounded-md shadow-sm"
                      >
                        <input
                          autocomplete="off"
                          class="border-1 flex w-full flex-grow rounded border border-solid px-2 py-1  transition-colors read-only:bg-gris-clair focus-visible:outline-none focus-visible:ring-2 focus-visible:ring-opacity-70 border-gris focus-visible:ring-bleu"
                          id="pin"
                          maxlength="8"
                          name="pin"
                          type="password"
                          value=""
                        />
                      </div>
                    </div>
                    <div
                      class="mt-12 flex flex-nowrap justify-center gap-4"
                    >
                      <button
                        class="m-0 min-w-0 rounded-md border border-solid px-4 py-2 uppercase transition-colors border-bleu-sombre bg-bleu-sombre text-blanc hover:bg-bleu hover:border-bleu focus:bg-bleu focus:border-bleu focus:outline-none focus-visible:ring-2 focus-visible:ring-bleu focus-visible:ring-offset-2 disabled:bg-bleu-sombre disabled:border-gris-sombre disabled:bg-gris-sombre disabled:text-blanc"
                        title="Valider"
                        type="submit"
                      >
                        Valider
                      </button>
                    </div>
                  </form>
                </div>
              </div>
            </div>
          </div>
        </div>
      </div>
    </div>
  </div>
</div>
`;
