// Jest Snapshot v1, https://goo.gl/fbAQLP

exports[`renders dropdown de l'application 1`] = `
<select
  name="developpeurs"
>
  <option
    value={1}
  >
    ⚠ Nabil
  </option>
  <option
    value={2}
  >
    ⚠ Florent
  </option>
  <option
    value={3}
  >
    ⚠ Bertrand
  </option>
</select>
`;
