// Vitest Snapshot v1, https://vitest.dev/guide/snapshot.html

exports[`Le formulaire s'affiche correctement 1`] = `
<div>
  <form
    action="#"
  >
    <div
      class="mt-8"
    >
      <div
        class="relative rounded-md border border-solid border-blue-200 bg-white px-5 pb-8 pt-4 shadow-md mx-4"
      >
        <span
          class="absolute -top-4 left-8 bg-white px-2 text-start text-xl font-bold text-bleu-sombre"
        >
          Critères de recherche d'un acte et d'une inscription
        </span>
        <div
          class="grid grid-cols-2"
        >
          <div>
            <div
              class="mt-8"
            >
              <div
                class="relative rounded-md border border-solid border-blue-200 bg-white px-5 pb-8 pt-4 shadow-md mx-4"
              >
                <span
                  class="absolute -top-4 left-8 bg-white px-2 text-start text-xl font-bold text-bleu-sombre"
                >
                  Filtre titulaire
                </span>
                <button
                  aria-label="Réinitialiser les données du bloc"
                  class="m-0 grid w-fit min-w-0 place-content-center rounded p-[.3rem] uppercase transition-colors duration-200 ease-in-out text-rouge bg-blanc hover:bg-rouge hover:text-blanc focus-visible:text-blanc focus-visible:bg-rouge focus:outline-none focus-visible:ring-2 focus-visible:ring-rouge focus-visible:ring-offset-2 disabled:cursor-not-allowed absolute -top-4 right-8 rounded-md border border-solid border-blue-200 shadow-md hover:border-rouge"
                  title="Réinitialiser les données du bloc"
                  type="button"
                >
                  <svg
                    aria-hidden="true"
                    class="text-2xl"
                    fill="currentColor"
                    height="1em"
                    stroke="currentColor"
                    stroke-width="0"
                    viewBox="0 0 24 24"
                    width="1em"
                    xmlns="http://www.w3.org/2000/svg"
                  >
                    <path
                      d="M0 0h24v24H0z"
                      fill="none"
                    />
                    <path
                      d="M12 5V1L7 6l5 5V7c3.31 0 6 2.69 6 6s-2.69 6-6 6-6-2.69-6-6H4c0 4.42 3.58 8 8 8s8-3.58 8-8-3.58-8-8-8z"
                    />
                  </svg>
                </button>
                <div
                  class="grid grid-cols-2 gap-4 pt-4"
                >
                  <div
                    class="flex gap-4"
                  >
                    <div
                      class="flex w-full flex-col text-start"
                    >
                      <label
                        class="m-0 mb-1 ml-1 block w-fit text-start transition-colors text-bleu-sombre"
                        for="titulaire.nom"
                      >
                        Nom
                      </label>
                      <div
                        class="relative flex rounded-md shadow-sm"
                      >
                        <input
                          class="border-1 flex w-full flex-grow rounded border border-solid px-2 py-1  transition-colors read-only:bg-gris-clair focus-visible:outline-none focus-visible:ring-2 focus-visible:ring-opacity-70 border-gris focus-visible:ring-bleu"
                          id="titulaire.nom"
                          name="titulaire.nom"
                          value=""
                        />
                        <button
                          class="m-0 grid w-fit min-w-0 place-content-center rounded p-[.3rem] uppercase transition-colors duration-200 ease-in-out  bg-bleu-sombre text-blanc hover:bg-bleu focus-visible:bg-bleu focus:outline-none focus-visible:ring-2 focus-visible:ring-bleu focus-visible:ring-offset-2 disabled:bg-gris-sombre disabled:cursor-not-allowed group absolute right-0 top-0 h-full rounded-l-none"
                          tabindex="-1"
                          title="Appauvrir le nom"
                          type="button"
                        >
                          <span
                            class="mt-1 px-2"
                          >
                            *
                          </span>
                        </button>
                      </div>
                    </div>
                    <div
                      class="flex items-start pt-7"
                    >
                      <button
                        aria-label="Intervertir nom et prénom"
                        class="m-0 grid w-fit min-w-0 place-content-center rounded p-[.3rem] uppercase transition-colors duration-200 ease-in-out border border-solid border-bleu-sombre bg-blanc hover:bg-bleu hover:text-blanc hover:border-bleu focus-visible:bg-bleu focus-visible:text-blanc focus-visible:border-bleu focus:outline-none focus-visible:ring-2 focus-visible:ring-bleu focus-visible:ring-offset-2 text-bleu-sombre disabled:cursor-not-allowed h-8 w-12"
                        tabindex="-1"
                        title="Intervertir Nom et Prénom"
                        type="button"
                      >
                        <svg
                          aria-hidden="true"
                          class="text-2xl"
                          fill="currentColor"
                          height="1em"
                          stroke="currentColor"
                          stroke-width="0"
                          viewBox="0 0 24 24"
                          width="1em"
                          xmlns="http://www.w3.org/2000/svg"
                        >
                          <path
                            d="M0 0h24v24H0z"
                            fill="none"
                          />
                          <path
                            d="M9.01 14H2v2h7.01v3L13 15l-3.99-4v3zm5.98-1v-3H22V8h-7.01V5L11 9l3.99 4z"
                          />
                        </svg>
                      </button>
                    </div>
                  </div>
                  <div
                    class="flex w-full flex-col text-start"
                  >
                    <label
                      class="m-0 mb-1 ml-1 block w-fit text-start transition-colors text-bleu-sombre"
                      for="titulaire.prenom"
                    >
                      Prénom
                    </label>
                    <div
                      class="relative flex rounded-md shadow-sm"
                    >
                      <input
                        class="border-1 flex w-full flex-grow rounded border border-solid px-2 py-1  transition-colors read-only:bg-gris-clair focus-visible:outline-none focus-visible:ring-2 focus-visible:ring-opacity-70 border-gris focus-visible:ring-bleu"
                        id="titulaire.prenom"
                        name="titulaire.prenom"
                        value=""
                      />
                      <button
                        class="m-0 grid w-fit min-w-0 place-content-center rounded p-[.3rem] uppercase transition-colors duration-200 ease-in-out  bg-bleu-sombre text-blanc hover:bg-bleu focus-visible:bg-bleu focus:outline-none focus-visible:ring-2 focus-visible:ring-bleu focus-visible:ring-offset-2 disabled:bg-gris-sombre disabled:cursor-not-allowed group absolute right-0 top-0 flex h-full rounded-l-none"
                        tabindex="-1"
                        title="Appauvrir le prénom"
                        type="button"
                      >
                        <span
                          class="mt-1 px-2"
                        >
                          *
                        </span>
                      </button>
                    </div>
                  </div>
                </div>
                <div
                  class="grid grid-cols-2 gap-4 pt-4"
                >
                  <div>
                    <label
                      class="m-0 mb-1 ml-1 block w-fit text-start transition-colors text-bleu-sombre"
                      for="titulaire.dateNaissance.jour"
                    >
                      Date de naissance
                    </label>
                    <div
                      class="flex flex-wrap gap-2"
                    >
                      <input
                        class="border-1 w-8 rounded border border-solid px-2 py-1 text-center transition-colors read-only:bg-gris-clair focus-visible:outline-none focus-visible:ring-2 focus-visible:ring-opacity-70 border-gris focus-visible:ring-bleu"
                        id="titulaire.dateNaissance.jour"
                        maxlength="2"
                        placeholder="JJ"
                        value=""
                      />
                      <span
                        class="mx-1 text-xl"
                      >
                        /
                      </span>
                      <input
                        class="border-1 w-8 rounded border border-solid px-2 py-1 text-center transition-colors read-only:bg-gris-clair focus-visible:outline-none focus-visible:ring-2 focus-visible:ring-opacity-70 border-gris focus-visible:ring-bleu"
                        id="titulaire.dateNaissance.mois"
                        maxlength="2"
                        placeholder="MM"
                        value=""
                      />
                      <span
                        class="mx-1 text-xl"
                      >
                        /
                      </span>
                      <input
                        class="border-1 w-12 rounded border border-solid px-2 py-1 text-center transition-colors read-only:bg-gris-clair focus-visible:outline-none focus-visible:ring-2 focus-visible:ring-opacity-70 border-gris focus-visible:ring-bleu"
                        id="titulaire.dateNaissance.annee"
                        maxlength="4"
                        placeholder="AAAA"
                        value=""
                      />
                      <button
                        aria-label="Réinitialiser la date"
                        class="m-0 grid w-fit min-w-0 place-content-center rounded p-[.3rem] uppercase transition-colors duration-200 ease-in-out text-rouge bg-blanc hover:bg-rouge hover:text-blanc focus-visible:text-blanc focus-visible:bg-rouge focus:outline-none focus-visible:ring-2 focus-visible:ring-rouge focus-visible:ring-offset-2 disabled:cursor-not-allowed ml-1"
                        title="Réinitialiser la date"
                        type="button"
                      >
                        <svg
                          aria-hidden="true"
                          class="text-2xl"
                          fill="currentColor"
                          height="1em"
                          stroke="currentColor"
                          stroke-width="0"
                          viewBox="0 0 24 24"
                          width="1em"
                          xmlns="http://www.w3.org/2000/svg"
                        >
                          <path
                            d="M0 0h24v24H0z"
                            fill="none"
                          />
                          <path
                            d="M12 5V1L7 6l5 5V7c3.31 0 6 2.69 6 6s-2.69 6-6 6-6-2.69-6-6H4c0 4.42 3.58 8 8 8s8-3.58 8-8-3.58-8-8-8z"
                          />
                        </svg>
                      </button>
                    </div>
                  </div>
                  <div
                    class="flex w-full flex-col text-start"
                  >
                    <label
                      class="m-0 mb-1 ml-1 block w-fit text-start transition-colors text-bleu-sombre"
                      for="titulaire.paysNaissance"
                    >
                      Pays de naissance
                    </label>
                    <div
                      class="relative flex rounded-md shadow-sm"
                    >
                      <input
                        class="border-1 flex w-full flex-grow rounded border border-solid px-2 py-1  transition-colors read-only:bg-gris-clair focus-visible:outline-none focus-visible:ring-2 focus-visible:ring-opacity-70 border-gris focus-visible:ring-bleu"
                        id="titulaire.paysNaissance"
                        name="titulaire.paysNaissance"
                        value=""
                      />
                    </div>
                  </div>
                </div>
              </div>
            </div>
            <div
              class="mt-8"
            >
              <div
                class="relative rounded-md border border-solid border-blue-200 bg-white px-5 pb-8 pt-4 shadow-md mx-4"
              >
                <span
                  class="absolute -top-4 left-8 bg-white px-2 text-start text-xl font-bold text-bleu-sombre"
                >
                  Filtre évènement
                </span>
                <button
                  aria-label="Réinitialiser les données du bloc"
                  class="m-0 grid w-fit min-w-0 place-content-center rounded p-[.3rem] uppercase transition-colors duration-200 ease-in-out text-rouge bg-blanc hover:bg-rouge hover:text-blanc focus-visible:text-blanc focus-visible:bg-rouge focus:outline-none focus-visible:ring-2 focus-visible:ring-rouge focus-visible:ring-offset-2 disabled:cursor-not-allowed absolute -top-4 right-8 rounded-md border border-solid border-blue-200 shadow-md hover:border-rouge"
                  title="Réinitialiser les données du bloc"
                  type="button"
                >
                  <svg
                    aria-hidden="true"
                    class="text-2xl"
                    fill="currentColor"
                    height="1em"
                    stroke="currentColor"
                    stroke-width="0"
                    viewBox="0 0 24 24"
                    width="1em"
                    xmlns="http://www.w3.org/2000/svg"
                  >
                    <path
                      d="M0 0h24v24H0z"
                      fill="none"
                    />
                    <path
                      d="M12 5V1L7 6l5 5V7c3.31 0 6 2.69 6 6s-2.69 6-6 6-6-2.69-6-6H4c0 4.42 3.58 8 8 8s8-3.58 8-8-3.58-8-8-8z"
                    />
                  </svg>
                </button>
                <div
                  class="grid grid-cols-2 gap-4 pt-4"
                >
                  <div>
                    <label
                      class="m-0 mb-1 ml-1 block w-fit text-start transition-colors text-bleu-sombre"
                      for="evenement.dateEvenement.jour"
                    >
                      Date de l'évènement
                    </label>
                    <div
                      class="flex flex-wrap gap-2"
                    >
                      <input
                        class="border-1 w-8 rounded border border-solid px-2 py-1 text-center transition-colors read-only:bg-gris-clair focus-visible:outline-none focus-visible:ring-2 focus-visible:ring-opacity-70 border-gris focus-visible:ring-bleu"
                        id="evenement.dateEvenement.jour"
                        maxlength="2"
                        placeholder="JJ"
                        value=""
                      />
                      <span
                        class="mx-1 text-xl"
                      >
                        /
                      </span>
                      <input
                        class="border-1 w-8 rounded border border-solid px-2 py-1 text-center transition-colors read-only:bg-gris-clair focus-visible:outline-none focus-visible:ring-2 focus-visible:ring-opacity-70 border-gris focus-visible:ring-bleu"
                        id="evenement.dateEvenement.mois"
                        maxlength="2"
                        placeholder="MM"
                        value=""
                      />
                      <span
                        class="mx-1 text-xl"
                      >
                        /
                      </span>
                      <input
                        class="border-1 w-12 rounded border border-solid px-2 py-1 text-center transition-colors read-only:bg-gris-clair focus-visible:outline-none focus-visible:ring-2 focus-visible:ring-opacity-70 border-gris focus-visible:ring-bleu"
                        id="evenement.dateEvenement.annee"
                        maxlength="4"
                        placeholder="AAAA"
                        value=""
                      />
                      <button
                        aria-label="Réinitialiser la date"
                        class="m-0 grid w-fit min-w-0 place-content-center rounded p-[.3rem] uppercase transition-colors duration-200 ease-in-out text-rouge bg-blanc hover:bg-rouge hover:text-blanc focus-visible:text-blanc focus-visible:bg-rouge focus:outline-none focus-visible:ring-2 focus-visible:ring-rouge focus-visible:ring-offset-2 disabled:cursor-not-allowed ml-1"
                        title="Réinitialiser la date"
                        type="button"
                      >
                        <svg
                          aria-hidden="true"
                          class="text-2xl"
                          fill="currentColor"
                          height="1em"
                          stroke="currentColor"
                          stroke-width="0"
                          viewBox="0 0 24 24"
                          width="1em"
                          xmlns="http://www.w3.org/2000/svg"
                        >
                          <path
                            d="M0 0h24v24H0z"
                            fill="none"
                          />
                          <path
                            d="M12 5V1L7 6l5 5V7c3.31 0 6 2.69 6 6s-2.69 6-6 6-6-2.69-6-6H4c0 4.42 3.58 8 8 8s8-3.58 8-8-3.58-8-8-8z"
                          />
                        </svg>
                      </button>
                    </div>
                  </div>
                  <div
                    class="flex w-full flex-col text-start"
                  >
                    <label
                      class="m-0 mb-1 ml-1 block w-fit text-start transition-colors text-bleu-sombre"
                      for="evenement.paysEvenement"
                    >
                      Pays de l'évènement
                    </label>
                    <div
                      class="relative flex rounded-md shadow-sm"
                    >
                      <input
                        class="border-1 flex w-full flex-grow rounded border border-solid px-2 py-1  transition-colors read-only:bg-gris-clair focus-visible:outline-none focus-visible:ring-2 focus-visible:ring-opacity-70 border-gris focus-visible:ring-bleu"
                        id="evenement.paysEvenement"
                        name="evenement.paysEvenement"
                        value=""
                      />
                    </div>
                  </div>
                </div>
              </div>
            </div>
          </div>
          <div>
            <div
              class="mt-8"
            >
              <div
                class="relative rounded-md border border-solid border-blue-200 bg-white px-5 pb-8 pt-4 shadow-md mx-4"
              >
                <span
                  class="absolute -top-4 left-8 bg-white px-2 text-start text-xl font-bold text-bleu-sombre"
                >
                  Filtre acte
                </span>
                <button
                  aria-label="Réinitialiser les données du bloc"
                  class="m-0 grid w-fit min-w-0 place-content-center rounded p-[.3rem] uppercase transition-colors duration-200 ease-in-out text-rouge bg-blanc hover:bg-rouge hover:text-blanc focus-visible:text-blanc focus-visible:bg-rouge focus:outline-none focus-visible:ring-2 focus-visible:ring-rouge focus-visible:ring-offset-2 disabled:cursor-not-allowed absolute -top-4 right-8 rounded-md border border-solid border-blue-200 shadow-md hover:border-rouge"
                  title="Réinitialiser les données du bloc"
                  type="button"
                >
                  <svg
                    aria-hidden="true"
                    class="text-2xl"
                    fill="currentColor"
                    height="1em"
                    stroke="currentColor"
                    stroke-width="0"
                    viewBox="0 0 24 24"
                    width="1em"
                    xmlns="http://www.w3.org/2000/svg"
                  >
                    <path
                      d="M0 0h24v24H0z"
                      fill="none"
                    />
                    <path
                      d="M12 5V1L7 6l5 5V7c3.31 0 6 2.69 6 6s-2.69 6-6 6-6-2.69-6-6H4c0 4.42 3.58 8 8 8s8-3.58 8-8-3.58-8-8-8z"
                    />
                  </svg>
                </button>
                <div
                  class="grid grid-cols-2 gap-4 pt-4"
                >
                  <div
                    class="text-start"
                  >
                    <label
                      class="m-0 mb-1 ml-1 block w-fit text-start transition-colors text-bleu-sombre"
                      for="acte.natureActe"
                    >
                      Nature de l'acte
                    </label>
                    <select
                      class="select-rece border-1 flex w-full flex-grow rounded border border-solid bg-blanc px-2 py-[.325rem] shadow-sm transition-colors focus-visible:outline-none focus-visible:ring-2 focus-visible:ring-opacity-70 disabled:bg-gris-clair border-gris focus-visible:ring-bleu"
                      id="acte.natureActe"
                      name="acte.natureActe"
                    >
                      <option
                        value=""
                      />
                      <option
                        value="NAISSANCE"
                      >
                        Naissance
                      </option>
                      <option
                        value="MARIAGE"
                      >
                        Mariage
                      </option>
                      <option
                        value="DECES"
                      >
                        Décès
                      </option>
                      <option
                        value="DIVORCE"
                      >
                        Divorce
                      </option>
                      <option
                        value="SEPARATION"
                      >
                        Séparation
                      </option>
                      <option
                        value="ADOPTION_SIMPLE"
                      >
                        Adoption simple
                      </option>
                      <option
                        value="ABSENCE"
                      >
                        Absence
                      </option>
                      <option
                        value="RECONNAISSANCE"
                      >
                        Reconnaissance
                      </option>
                      <option
                        value="DIVERS"
                      >
                        Divers
                      </option>
                      <option
                        value="ADOPTION_PLENIERE"
                      >
                        Adoption plénière
                      </option>
                      <option
                        value="ADOPTION"
                      >
                        Adoption
                      </option>
                      <option
                        value="ENFANT_SANS_VIE"
                      >
                        Enfant sans vie
                      </option>
                      <option
                        value="INCONNUE"
                      >
                        Inconnue
                      </option>
                    </select>
                  </div>
                  <fieldset
                    class="m-0 flex w-full flex-col border-0 p-0 text-start"
                  >
                    <legend
                      class="m-0 mb-1 block w-fit text-start text-base transition-colors text-bleu-sombre"
                    >
                      Référence
                    </legend>
                    <div
                      class="mt-1.5 flex w-full flex-wrap gap-x-10 gap-y-4 text-start"
                    >
                      <div>
                        <input
                          class="m-0 mt-0.5 cursor-pointer accent-bleu-sombre selection:transition-colors read-only:bg-gris-clair focus-visible:outline-none focus-visible:ring-2 focus-visible:ring-opacity-70 border-gris focus-visible:ring-bleu"
                          id="acte.typeReference-RECE"
                          name="acte.typeReference"
                          type="radio"
                          value="RECE"
                        />
                        <label
                          class="cursor-pointer pl-2"
                          for="acte.typeReference-RECE"
                        >
                          RECE
                        </label>
                      </div>
                      <div>
                        <input
                          checked=""
                          class="m-0 mt-0.5 cursor-pointer accent-bleu-sombre selection:transition-colors read-only:bg-gris-clair focus-visible:outline-none focus-visible:ring-2 focus-visible:ring-opacity-70 border-gris focus-visible:ring-bleu"
                          id="acte.typeReference-REGISTRE"
                          name="acte.typeReference"
                          type="radio"
                          value="REGISTRE"
                        />
                        <label
                          class="cursor-pointer pl-2"
                          for="acte.typeReference-REGISTRE"
                        >
                          Registre
                        </label>
                      </div>
                    </div>
                  </fieldset>
                </div>
                <div
                  class="grid grid-cols-2 gap-4 pt-4"
                >
                  <div
                    class="text-start"
                  >
                    <label
                      class="m-0 mb-1 ml-1 block w-fit text-start transition-colors text-bleu-sombre"
                      for="acte.familleRegistre"
                    >
                      Famille de registre
                    </label>
                    <select
                      class="select-rece border-1 flex w-full flex-grow rounded border border-solid bg-blanc px-2 py-[.325rem] shadow-sm transition-colors focus-visible:outline-none focus-visible:ring-2 focus-visible:ring-opacity-70 disabled:bg-gris-clair border-gris focus-visible:ring-bleu"
                      id="acte.familleRegistre"
                      name="acte.familleRegistre"
                    >
                      <option
                        value=""
                      />
                      <option
                        value="ACQ"
                      >
                        (ACQ) Acquisition de la nationalité française
                      </option>
                      <option
                        value="CSL"
                      >
                        (CSL) Acte consulaire
                      </option>
                      <option
                        value="DEP"
                      >
                        (DEP) Acte déposé dans un pays voisin
                      </option>
                      <option
                        value="COL"
                      >
                        (COL) Acte issu d'anciennes colonies
                      </option>
                      <option
                        value="AR2"
                      >
                        (AR2) Acte reconstitué - Anciens territoires français (hors Algérie)
                      </option>
                      <option
                        value="AR3"
                      >
                        (AR3) Acte reconstitué – Algérie
                      </option>
                      <option
                        value="OP2"
                      >
                        (OP2) Actes d'optants à la nationalité (Afrique ou Indochine)
                      </option>
                      <option
                        value="OP3"
                      >
                        (OP3) Actes d'optants à la nationalité (Algérie)
                      </option>
                      <option
                        value="JUG"
                      >
                        (JUG) Transcription judiciaire
                      </option>
                      <option
                        value="MAR"
                      >
                        (MAR) Acte dressé en mer ou aux armées
                      </option>
                      <option
                        value="CPN"
                      >
                        (CPN) Changement de nom ou prénoms
                      </option>
                    </select>
                  </div>
                  <div
                    class="relative flex w-full flex-col text-start"
                  >
                    <label
                      class="m-0 mb-1 ml-1 block w-fit text-start transition-colors text-bleu-sombre"
                      for="acte.pocopa"
                    >
                      Type / Poste / Commune / Pays
                    </label>
                    <div
                      class="MuiAutocomplete-root MuiAutocomplete-hasPopupIcon css-1tlcqt-MuiAutocomplete-root"
                    >
                      <div
                        class="flex items-center rounded-md border border-solid px-2 py-1 transition-colors focus-within:ring-2 focus-within:ring-opacity-70 border-gris focus-within:ring-bleu"
                      >
                        <svg
                          aria-hidden="true"
                          class="text-xl text-gris"
                          fill="currentColor"
                          height="1em"
                          stroke="currentColor"
                          stroke-width="0"
                          viewBox="0 0 24 24"
                          width="1em"
                          xmlns="http://www.w3.org/2000/svg"
                        >
                          <path
                            d="M0 0h24v24H0z"
                            fill="none"
                          />
                          <path
                            d="M15.5 14h-.79l-.28-.27A6.471 6.471 0 0 0 16 9.5 6.5 6.5 0 1 0 9.5 16c1.61 0 3.09-.59 4.23-1.57l.27.28v.79l5 4.99L20.49 19l-4.99-5zm-6 0C7.01 14 5 11.99 5 9.5S7.01 5 9.5 5 14 7.01 14 9.5 11.99 14 9.5 14z"
                          />
                        </svg>
                        <input
                          aria-autocomplete="list"
                          aria-expanded="false"
                          autocapitalize="none"
                          autocomplete="off"
                          class="flex-grow border-none bg-transparent p-0 pl-1 read-only:bg-gris-clair focus:border-none focus:outline-none focus:ring-0"
                          id="acte.pocopa"
                          placeholder="Recherche..."
                          role="combobox"
                          spellcheck="false"
                          type="text"
                          value=""
                        />
                      </div>
                    </div>
                  </div>
                </div>
                <div
                  class="grid w-full grid-cols-5 gap-8 pt-4"
                >
                  <div
                    class="col-span-1"
                  >
                    <div
                      class="flex w-full flex-col text-start"
                    >
                      <label
                        class="m-0 mb-1 ml-1 block w-fit text-start transition-colors text-bleu-sombre"
                        for="acte.anneeRegistre"
                      >
                        Année
                      </label>
                      <div
                        class="relative flex rounded-md shadow-sm"
                      >
                        <input
                          class="border-1 flex w-full flex-grow rounded border border-solid px-2 py-1  transition-colors read-only:bg-gris-clair focus-visible:outline-none focus-visible:ring-2 focus-visible:ring-opacity-70 border-gris focus-visible:ring-bleu"
                          id="acte.anneeRegistre"
                          maxlength="4"
                          name="acte.anneeRegistre"
                          value=""
                        />
                      </div>
                    </div>
                  </div>
                  <div
                    class="col-span-2"
                  >
                    <div>
                      <label
                        class="m-0 mb-1 ml-1 block w-fit text-start transition-colors text-bleu-sombre"
                        for="acte.registreSupport.support1"
                      >
                        Registre (support)
                      </label>
                      <div
                        class="grid grid-cols-2 gap-3 rounded-md shadow-sm"
                      >
                        <input
                          aria-label="Registre (support) 1"
                          class="border-1 flex w-auto flex-grow rounded border border-solid px-2 py-1 transition-colors read-only:bg-gris-clair focus-visible:outline-none focus-visible:ring-2 focus-visible:ring-opacity-70 border-gris focus-visible:ring-bleu"
                          id="acte.registreSupport.support1"
                          name="acte.registreSupport.support1"
                          value=""
                        />
                        <input
                          aria-label="Registre (support) 2"
                          class="border-1 flex w-auto flex-grow rounded border border-solid px-2 py-1 transition-colors read-only:bg-gris-clair focus-visible:outline-none focus-visible:ring-2 focus-visible:ring-opacity-70 border-gris focus-visible:ring-bleu"
                          id="acte.registreSupport.support2"
                          name="acte.registreSupport.support2"
                          value=""
                        />
                      </div>
                    </div>
                  </div>
                  <div
                    class="col-span-2"
                  >
                    <div>
                      <label
                        class="m-0 mb-1 ml-1 block w-fit text-start transition-colors text-bleu-sombre"
                        for="acte.numeroActe.numeroActe"
                      >
                        N° d'acte
                      </label>
                      <div
                        class="grid grid-cols-2 gap-3 rounded-md shadow-sm"
                      >
                        <input
                          aria-label="N° d'acte 1"
                          class="border-1 flex w-auto flex-grow rounded border border-solid px-2 py-1 transition-colors read-only:bg-gris-clair focus-visible:outline-none focus-visible:ring-2 focus-visible:ring-opacity-70 border-gris focus-visible:ring-bleu"
                          id="acte.numeroActe.numeroActe"
                          name="acte.numeroActe.numeroActe"
                          value=""
                        />
                        <input
                          aria-label="N° Bis"
                          class="border-1 flex w-auto flex-grow rounded border border-solid px-2 py-1 transition-colors read-only:bg-gris-clair focus-visible:outline-none focus-visible:ring-2 focus-visible:ring-opacity-70 border-gris focus-visible:ring-bleu"
                          id="acte.numeroActe.numeroBisTer"
                          name="acte.numeroActe.numeroBisTer"
                          placeholder="N° Bis"
                          value=""
                        />
                      </div>
                    </div>
                  </div>
                </div>
                <div
                  class="pt-4"
                >
                  <label
                    class="flex w-fit text-start cursor-pointer"
                  >
                    <input
                      class="cursor-pointer accent-bleu-sombre"
                      name="acte.etActesSuivants"
                      type="checkbox"
                      value="false"
                    />
                    <span
                      class="ml-2 select-none text-nowrap font-semibold text-bleu-sombre"
                    >
                      Et les actes suivants du registre
                    </span>
                  </label>
                </div>
              </div>
            </div>
            <div
              class="mt-8"
            >
              <div
                class="relative rounded-md border border-solid border-blue-200 bg-white px-5 pb-8 pt-4 shadow-md mx-4"
              >
                <span
                  class="absolute -top-4 left-8 bg-white px-2 text-start text-xl font-bold text-bleu-sombre"
                >
                  Filtre RC/RCA/PACS
                </span>
                <button
                  aria-label="Réinitialiser les données du bloc"
                  class="m-0 grid w-fit min-w-0 place-content-center rounded p-[.3rem] uppercase transition-colors duration-200 ease-in-out text-rouge bg-blanc hover:bg-rouge hover:text-blanc focus-visible:text-blanc focus-visible:bg-rouge focus:outline-none focus-visible:ring-2 focus-visible:ring-rouge focus-visible:ring-offset-2 disabled:cursor-not-allowed absolute -top-4 right-8 rounded-md border border-solid border-blue-200 shadow-md hover:border-rouge"
                  title="Réinitialiser les données du bloc"
                  type="button"
                >
                  <svg
                    aria-hidden="true"
                    class="text-2xl"
                    fill="currentColor"
                    height="1em"
                    stroke="currentColor"
                    stroke-width="0"
                    viewBox="0 0 24 24"
                    width="1em"
                    xmlns="http://www.w3.org/2000/svg"
                  >
                    <path
                      d="M0 0h24v24H0z"
                      fill="none"
                    />
                    <path
                      d="M12 5V1L7 6l5 5V7c3.31 0 6 2.69 6 6s-2.69 6-6 6-6-2.69-6-6H4c0 4.42 3.58 8 8 8s8-3.58 8-8-3.58-8-8-8z"
                    />
                  </svg>
                </button>
                <div
                  class="grid grid-cols-2 gap-4 pt-4"
                >
                  <div
                    class="text-start"
                  >
                    <label
                      class="m-0 mb-1 ml-1 block w-fit text-start transition-colors text-bleu-sombre"
                      for="inscription.typeRepertoire"
                    >
                      Type de répertoire
                    </label>
                    <select
                      class="select-rece border-1 flex w-full flex-grow rounded border border-solid bg-blanc px-2 py-[.325rem] shadow-sm transition-colors focus-visible:outline-none focus-visible:ring-2 focus-visible:ring-opacity-70 disabled:bg-gris-clair border-gris focus-visible:ring-bleu"
                      id="inscription.typeRepertoire"
                      name="inscription.typeRepertoire"
                    >
                      <option
                        value=""
                      />
                      <option
                        value="PACS"
                      >
                        PACS
                      </option>
                      <option
                        value="RC"
                      >
                        RC
                      </option>
                      <option
                        value="RCA"
                      >
                        RCA
                      </option>
                    </select>
                  </div>
                  <div>
                    <label
                      class="m-0 mb-1 ml-1 block w-fit text-start transition-colors text-bleu-sombre"
                      for="inscription.numeroInscription.annee"
                    >
                      N° de l'inscription / N° du PACS
                    </label>
                    <div
                      class="flex items-center gap-1"
                    >
                      <span
                        class="whitespace-nowrap"
                      />
                      <input
                        class="border-1 flex w-12 rounded border border-solid px-2 py-1 transition-colors read-only:bg-gris-clair focus-visible:outline-none focus-visible:ring-2 focus-visible:ring-opacity-70 border-gris focus-visible:ring-bleu"
                        id="inscription.numeroInscription.annee"
                        maxlength="4"
                        name="inscription.numeroInscription.annee"
                        placeholder="AAAA"
                        value=""
                      />
                      <span>
                        -
                      </span>
                      <div
                        class="relative flex flex-grow rounded-md shadow-sm"
                      >
                        <input
                          class="border-1 flex w-full rounded border border-solid px-2 py-1 transition-colors read-only:bg-gris-clair focus-visible:outline-none focus-visible:ring-2 focus-visible:ring-opacity-70 border-gris focus-visible:ring-bleu"
                          id="inscription.numeroInscription.numero"
                          maxlength="5"
                          name="inscription.numeroInscription.numero"
                          placeholder="XXXXX"
                          value=""
                        />
                      </div>
                    </div>
                  </div>
                </div>
                <div
                  class="pt-4"
                >
                  <div
                    class="text-start"
                  >
                    <label
                      class="m-0 mb-1 ml-1 block w-fit text-start transition-colors text-bleu-sombre"
                      for="inscription.natureInscription"
                    >
                      Nature de l'inscription
                    </label>
                    <select
                      class="select-rece border-1 flex w-full flex-grow rounded border border-solid bg-blanc px-2 py-[.325rem] shadow-sm transition-colors focus-visible:outline-none focus-visible:ring-2 focus-visible:ring-opacity-70 disabled:bg-gris-clair border-gris focus-visible:ring-bleu"
                      disabled=""
                      id="inscription.natureInscription"
                      name="inscription.natureInscription"
                    >
                      <option
                        value=""
                      />
                    </select>
                  </div>
                </div>
                <div
                  class="pt-4"
                >
                  <div
                    class=""
                  >
                    <label
                      class="flex w-fit text-start cursor-default opacity-60"
                    >
                      <input
                        class="cursor-default"
                        disabled=""
                        name="inscription.etInscriptionsSuivantes"
                        type="checkbox"
                        value="false"
                      />
                      <span
                        class="ml-2 select-none text-nowrap font-semibold text-bleu-sombre"
                      >
                        Et les inscriptions/PACS suivants du répertoire
                      </span>
                    </label>
                  </div>
                </div>
              </div>
            </div>
          </div>
        </div>
        <div
          class="mt-12 flex w-full justify-end gap-4"
        >
          <button
            class="m-0 min-w-0 rounded-md border border-solid px-4 py-2 uppercase transition-colors border-bleu-sombre bg-blanc text-bleu-sombre hover:text-bleu hover:border-bleu focus:text-bleu focus:border-bleu focus:outline-none focus-visible:ring-2 focus-visible:ring-bleu focus-visible:ring-offset-2 disabled:border-gris-sombre disabled:bg-gris-sombre disabled:text-blanc"
            disabled=""
            type="button"
          >
            Rappel critères
          </button>
          <button
            class="m-0 min-w-0 rounded-md border border-solid px-4 py-2 uppercase transition-colors border-bleu-sombre bg-blanc text-bleu-sombre hover:text-bleu hover:border-bleu focus:text-bleu focus:border-bleu focus:outline-none focus-visible:ring-2 focus-visible:ring-bleu focus-visible:ring-offset-2 disabled:border-gris-sombre disabled:bg-gris-sombre disabled:text-blanc"
            disabled=""
            type="reset"
          >
            Réinitialiser les critères
          </button>
          <button
            class="m-0 min-w-0 rounded-md border border-solid px-4 py-2 uppercase transition-colors border-bleu-sombre bg-bleu-sombre text-blanc hover:bg-bleu hover:border-bleu focus:bg-bleu focus:border-bleu focus:outline-none focus-visible:ring-2 focus-visible:ring-bleu focus-visible:ring-offset-2 disabled:bg-bleu-sombre disabled:border-gris-sombre disabled:bg-gris-sombre disabled:text-blanc"
            disabled=""
            type="submit"
          >
            Rechercher
          </button>
        </div>
      </div>
    </div>
  </form>
  <div
    aria-hidden="true"
  />
</div>
`;
