// Jest Snapshot v1, https://goo.gl/fbAQLP

exports[`renders resumé du contenu de la requete 1`] = `
Array [
  <div
    className="resume-requete-content"
  >
    <div
      className="bloc-info"
    >
      <div
        className="label"
      >
        Sous-type
      </div>
      <div
        className="capital personnal-info"
      >
        Requête Délivrance Extrait/Copie Courrier
      </div>
    </div>
    <div
      className="bloc-titulaire"
    >
      <div
        className="bloc-info"
      >
        <div
          className="label"
        >
          Info titulaire 1
        </div>
      </div>
      <div
        className="bloc-info"
      >
        <div
          className="label sub-label"
        >
          Nom
        </div>
        <div
          className="capital personnal-info"
        >
          Tabalouga
        </div>
      </div>
      <div
        className="bloc-info"
      >
        <div
          className="label sub-label"
        >
          Prénom
        </div>
        <div
          className="capital personnal-info"
        >
          Le dragon
        </div>
      </div>
      <div
        className="bloc-info"
      >
        <div
          className="label sub-label"
        >
          Né(e) le :
        </div>
        <div
          className="capital personnal-info"
        >
          25/03/1983
        </div>
      </div>
    </div>
    <div
      className="bloc-titulaire"
    >
      <div
        className="bloc-info"
      >
        <div
          className="label"
        >
          Info titulaire 2
        </div>
      </div>
      <div
        className="bloc-info"
      >
        <div
          className="label sub-label"
        >
          Nom
        </div>
        <div
          className="capital personnal-info"
        >
          jean
        </div>
      </div>
      <div
        className="bloc-info"
      >
        <div
          className="label sub-label"
        >
          Prénom
        </div>
        <div
          className="capital personnal-info"
        >
          jacques
        </div>
      </div>
      <div
        className="bloc-info"
      >
        <div
          className="label sub-label"
        >
          Né(e) le :
        </div>
        <div
          className="capital personnal-info"
        >
          25/03/1983
        </div>
      </div>
    </div>
    <div
      className="bloc-info"
    >
      <div
        className="label"
      >
        Nature
      </div>
      <div
        className="capital personnal-info"
      >
        Naissance
      </div>
    </div>
    <div
      className="bloc-info"
    >
      <div
        className="label"
      >
        Date de l'évenement
      </div>
      <div
        className="personnal-info"
      >
        01/01/2020
      </div>
    </div>
    <div
      className="bloc-info"
    >
      <div
        className="label"
      >
        Lieu de l'évenement
      </div>
      <div
        className="capital personnal-info no-justify-info"
      >
        fez, maroc
      </div>
    </div>
    <div
      className="bloc-info"
    >
      <div
        className="label"
      >
        Motif
      </div>
      <div
        className="personnal-info no-justify-info"
      >
        Papiers d'identité / Passeport
      </div>
    </div>
    <div
      className="bloc-info"
    >
      <div
        className="label"
      >
        Canal
      </div>
      <div
        className="capital personnal-info"
      >
        Internet
      </div>
    </div>
  </div>,
  <div
    className="resume-requete-content"
  >
    <div
      className="bloc-info"
    >
      <div
        className="label"
      >
        Prénom requérant
      </div>
      <div
        className="capital personnal-info"
      >
        aubin
      </div>
    </div>
    <div
      className="bloc-info"
    >
      <div
        className="label"
      >
        Nom requérant
      </div>
      <div
        className="capital personnal-info"
      >
        nicolas
      </div>
    </div>
  </div>,
]
`;
