// Vitest Snapshot v1, https://vitest.dev/guide/snapshot.html

exports[`Test TableauMentions > Doit afficher le formulaire avec les valeurs par défaut et correspondre au snapshot 1`] = `
<form
  action="/"
  data-discover="true"
  method="get"
>
  <div>
    <div
      class="relative rounded-md border border-solid border-blue-200 bg-white px-5 pb-8 pt-4 shadow-md mx-4"
    >
      <span
        class="absolute -top-4 left-8 bg-white px-2 text-start text-xl font-bold text-bleu-sombre"
      >
        Mention(s) ajoutée(s)
      </span>
      <div
        class="grid gap-2 pt-3"
      >
        <div
          aria-roledescription="You are currently at a draggable item at position 1. Press space bar to lift."
          style="user-select: none; box-sizing: border-box; position: relative; z-index: 0;"
          tabindex="0"
        >
          <div
            class="flex cursor-move items-center gap-2 rounded-lg border border-solid border-bleu bg-white px-2 py-4 text-start transition-colors hover:bg-bleu-transparent"
          >
            <span
              class="line-clamp-2 flex-grow"
              title="Texte de mention"
            >
              Texte de mention
            </span>
            <div
              class="flex gap-3 px-2"
            >
              <button
                aria-label="Modifier la 1ère mention"
                class="m-0 grid w-fit min-w-0 place-content-center rounded p-[.3rem] uppercase transition-colors duration-200 ease-in-out  bg-bleu-sombre text-blanc hover:bg-bleu focus-visible:bg-bleu focus:outline-none focus-visible:ring-2 focus-visible:ring-bleu focus-visible:ring-offset-2 disabled:bg-gris-sombre disabled:cursor-not-allowed"
                title="Modifier la 1ère mention"
                type="button"
              >
                <svg
                  aria-hidden="true"
                  fill="currentColor"
                  height="1em"
                  stroke="currentColor"
                  stroke-width="0"
                  viewBox="0 0 24 24"
                  width="1em"
                  xmlns="http://www.w3.org/2000/svg"
                >
                  <path
                    d="M0 0h24v24H0z"
                    fill="none"
                  />
                  <path
                    d="M3 17.25V21h3.75L17.81 9.94l-3.75-3.75L3 17.25zM20.71 7.04a.996.996 0 0 0 0-1.41l-2.34-2.34a.996.996 0 0 0-1.41 0l-1.83 1.83 3.75 3.75 1.83-1.83z"
                  />
                </svg>
              </button>
              <button
                aria-label="Supprimer la 1ère mention"
                class="m-0 grid w-fit min-w-0 place-content-center rounded p-[.3rem] uppercase transition-colors duration-200 ease-in-out bg-rouge hover:opacity-85 focus:opacity-85 focus:outline-none focus-visible:ring-2 focus-visible:ring-rouge focus-visible:ring-offset-2 disabled:bg-gray-400 transition-opacity disabled:cursor-not-allowed"
                title="Supprimer la 1ère mention"
                type="button"
              >
                <svg
                  aria-hidden="true"
                  fill="currentColor"
                  height="1em"
                  stroke="currentColor"
                  stroke-width="0"
                  viewBox="0 0 24 24"
                  width="1em"
                  xmlns="http://www.w3.org/2000/svg"
                >
                  <path
                    d="M0 0h24v24H0z"
                    fill="none"
                  />
                  <path
                    d="M6 19c0 1.1.9 2 2 2h8c1.1 0 2-.9 2-2V7H6v12zM19 4h-3.5l-1-1h-5l-1 1H5v2h14V4z"
                  />
                </svg>
              </button>
            </div>
          </div>
        </div>
        <div
          aria-roledescription="You are currently at a draggable item at position 2. Press space bar to lift."
          style="user-select: none; box-sizing: border-box; position: relative; z-index: 0;"
          tabindex="0"
        >
          <div
            class="flex cursor-move items-center gap-2 rounded-lg border border-solid border-bleu bg-white px-2 py-4 text-start transition-colors hover:bg-bleu-transparent"
          >
            <span
              class="line-clamp-2 flex-grow"
              title="Mariée à Nantes (Loire Atlantique) le 12 décembre 2012 avec Robert, William Smith."
            >
              Mariée à Nantes (Loire Atlantique) le 12 décembre 2012 avec Robert, William Smith.
            </span>
            <div
              class="flex gap-3 px-2"
            >
              <button
                aria-label="Modifier la 2ème mention"
                class="m-0 grid w-fit min-w-0 place-content-center rounded p-[.3rem] uppercase transition-colors duration-200 ease-in-out  bg-bleu-sombre text-blanc hover:bg-bleu focus-visible:bg-bleu focus:outline-none focus-visible:ring-2 focus-visible:ring-bleu focus-visible:ring-offset-2 disabled:bg-gris-sombre disabled:cursor-not-allowed"
                title="Modifier la 2ème mention"
                type="button"
              >
                <svg
                  aria-hidden="true"
                  fill="currentColor"
                  height="1em"
                  stroke="currentColor"
                  stroke-width="0"
                  viewBox="0 0 24 24"
                  width="1em"
                  xmlns="http://www.w3.org/2000/svg"
                >
                  <path
                    d="M0 0h24v24H0z"
                    fill="none"
                  />
                  <path
                    d="M3 17.25V21h3.75L17.81 9.94l-3.75-3.75L3 17.25zM20.71 7.04a.996.996 0 0 0 0-1.41l-2.34-2.34a.996.996 0 0 0-1.41 0l-1.83 1.83 3.75 3.75 1.83-1.83z"
                  />
                </svg>
              </button>
              <button
                aria-label="Supprimer la 2ème mention"
                class="m-0 grid w-fit min-w-0 place-content-center rounded p-[.3rem] uppercase transition-colors duration-200 ease-in-out bg-rouge hover:opacity-85 focus:opacity-85 focus:outline-none focus-visible:ring-2 focus-visible:ring-rouge focus-visible:ring-offset-2 disabled:bg-gray-400 transition-opacity disabled:cursor-not-allowed"
                title="Supprimer la 2ème mention"
                type="button"
              >
                <svg
                  aria-hidden="true"
                  fill="currentColor"
                  height="1em"
                  stroke="currentColor"
                  stroke-width="0"
                  viewBox="0 0 24 24"
                  width="1em"
                  xmlns="http://www.w3.org/2000/svg"
                >
                  <path
                    d="M0 0h24v24H0z"
                    fill="none"
                  />
                  <path
                    d="M6 19c0 1.1.9 2 2 2h8c1.1 0 2-.9 2-2V7H6v12zM19 4h-3.5l-1-1h-5l-1 1H5v2h14V4z"
                  />
                </svg>
              </button>
            </div>
          </div>
        </div>
      </div>
      <div
        aria-atomic="true"
        aria-live="assertive"
        role="log"
        style="position: absolute; width: 1px; height: 1px; margin: -1px; border: 0px; padding: 0px; overflow: hidden; clip: rect(0px, 0px, 0px, 0px); clip-path: inset(100%);"
      />
    </div>
  </div>
</form>
`;
