// Jest Snapshot v1, https://goo.gl/fbAQLP

exports[`render titulaire information 1`] = `
<div>
  <div
    class="bloc-titulaire"
  >
    <div
      class="bloc-info"
    >
      <div
        class="label"
      >
        ⚠ pages.delivrance.apercu.resume.titulaire0
      </div>
    </div>
    <div
      class="bloc-info"
    >
      <div
        class="label sub-label"
      >
        Nom
      </div>
      <div
        class="capital personnal-info"
      >
        Tabalouga
      </div>
    </div>
    <div
      class="bloc-info"
    >
      <div
        class="label sub-label"
      >
        Prénom
      </div>
      <div
        class="capital personnal-info"
      >
        Le dragon
      </div>
    </div>
    <div
      class="bloc-info"
    >
      <div
        class="label sub-label"
      >
        Né(e) le :
      </div>
      <div
        class="capital personnal-info"
      >
        25/03/1983
      </div>
    </div>
  </div>
</div>
`;
